// Jest Snapshot v1, https://goo.gl/fbAQLP

exports[`move should move entity: move 1 to 2 1`] = `
Object {
  "entities": Object {
    "1": Object {
      "completed": false,
      "id": 1,
      "title": "todo 1",
    },
    "2": Object {
      "completed": false,
      "id": 2,
      "title": "todo 2",
    },
  },
  "ids": Array [
    2,
    1,
  ],
}
`;
